// Jest Snapshot v1, https://goo.gl/fbAQLP

exports[`ModalLayout component renders without crashing 1`] = `
<Fragment>
  <nav
    aria-label="main navigation"
    className="modal-navbar navbar"
    role="navigation"
  >
    <div
      className="navbar-brand"
    >
      <div
        className="navbar-item"
      />
      <div
        className="close-button navbar-item"
        onClick={[Function]}
      >
        <ForwardRef(SvgCloseCross)
          height="35"
          width="35"
        />
      </div>
    </div>
  </nav>
  <section
    className="modal-section section has-bar full-min-height is-flex"
  />
</Fragment>
`;
