// Jest Snapshot v1, https://goo.gl/fbAQLP

exports[`ESSHealthCheckErrorList initial state render correctly 1`] = `
Object {
  "component": <BrowserRouter
    keyLength={0}
  >
    <Router
      history={
        Object {
          "action": "POP",
          "block": [Function],
          "createHref": [Function],
          "go": [Function],
          "goBack": [Function],
          "goForward": [Function],
          "length": 1,
          "listen": [Function],
          "location": Object {
            "hash": "",
            "pathname": "/",
            "search": "",
            "state": undefined,
          },
          "push": [Function],
          "replace": [Function],
        }
      }
    >
      <Provider
        store={
          Object {
            "clearActions": [Function],
            "dispatch": [Function],
            "getActions": [Function],
            "getState": [Function],
            "replaceReducer": [Function],
            "subscribe": [Function],
          }
        }
      >
        <ESSHealthCheckErrorList
          results={
            Object {
              "errors": Array [],
            }
          }
        >
          <div
            className="ess-hc page-height has-text-centered pt-10"
          >
            <span
              className="is-uppercase has-text-weight-bold mb-10"
            >
              HEALTH_REPORT_ERROR_LIST
            </span>
            <div
              className="mt-15"
            />
            <button
              className="button is-secondary auto"
              onClick={[Function]}
            >
              RETRY
            </button>
          </div>
        </ESSHealthCheckErrorList>
      </Provider>
    </Router>
  </BrowserRouter>,
  "store": Object {
    "clearActions": [Function],
    "dispatch": [Function],
    "getActions": [Function],
    "getState": [Function],
    "replaceReducer": [Function],
    "subscribe": [Function],
  },
}
`;
