// Jest Snapshot v1, https://goo.gl/fbAQLP

exports[`PVS connection successful component render correctly 1`] = `
<BrowserRouter
  keyLength={0}
>
  <Router
    history={
      Object {
        "action": "POP",
        "block": [Function],
        "createHref": [Function],
        "go": [Function],
        "goBack": [Function],
        "goForward": [Function],
        "length": 1,
        "listen": [Function],
        "location": Object {
          "hash": "",
          "pathname": "/",
          "search": "",
          "state": undefined,
        },
        "push": [Function],
        "replace": [Function],
      }
    }
  >
    <Provider
      store={
        Object {
          "clearActions": [Function],
          "dispatch": [Function],
          "getActions": [Function],
          "getState": [Function],
          "replaceReducer": [Function],
          "subscribe": [Function],
        }
      }
    >
      <InstallSuccessful>
        <div
          className="fill-parent install-success-screen"
        >
          <span
            className="is-uppercase has-text-weight-bold"
          >
            INSTALL_SUCCESS
          </span>
          <span
            className="sp-pvs has-text-white "
          />
          <span>
            INSTALL_SUBTITLE
          </span>
          <span
            className="has-text-white"
          >
            YOU_CAN
            <span
              className="has-text-weight-bold"
            >
              TURN_OF_SOLAR
            </span>
          </span>
          <button
            className="button is-primary is-uppercase is-center"
            onClick={[Function]}
          >
            CONFIGURE
          </button>
          <button
            className="configure-button has-text-primary is-uppercase is-center has-text-weight-bold"
            onClick={[Function]}
          >
            NOT_NOW
          </button>
          <button
            className="configure-button has-text-primary is-uppercase is-center has-text-weight-bold"
            onClick={[Function]}
          >
            GO_PANEL_LAYOUT
          </button>
        </div>
      </InstallSuccessful>
    </Provider>
  </Router>
</BrowserRouter>
`;
