// Jest Snapshot v1, https://goo.gl/fbAQLP

exports[`PVS connection successful component render correctly 1`] = `
<BrowserRouter
  keyLength={0}
>
  <Router
    history={
      Object {
        "action": "POP",
        "block": [Function],
        "createHref": [Function],
        "go": [Function],
        "goBack": [Function],
        "goForward": [Function],
        "length": 1,
        "listen": [Function],
        "location": Object {
          "hash": "",
          "pathname": "/",
          "search": "",
          "state": undefined,
        },
        "push": [Function],
        "replace": [Function],
      }
    }
  >
    <Provider
      store={
        Object {
          "clearActions": [Function],
          "dispatch": [Function],
          "getActions": [Function],
          "getState": [Function],
          "replaceReducer": [Function],
          "subscribe": [Function],
        }
      }
    >
      <InstallSuccessful>
        <div
          className="file level has-text-centered fill-parent install-success-screen auto"
        >
          <div
            className="is-vertical file level is-vertical is-flex tile"
          >
            <span
              className="is-uppercase has-text-weight-bold mb-25 mt-25 "
            >
              INSTALL_SUCCESS
            </span>
            <span
              className="sp-pvs has-text-white mb-30"
            />
            <span
              className="mb-20"
            >
              INSTALL_SUBTITLE
            </span>
            <span
              className="has-text-white"
            >
              YOU_CAN 
              <span
                className="has-text-weight-bold"
              >
                TURN_OF_SOLAR
              </span>
            </span>
            <div
              className="is-flex auto is-vertical tile"
            >
              <button
                className="button is-primary is-uppercase is-center mt-50"
                onClick={[Function]}
              >
                CONFIGURE
              </button>
              <button
                className="configure-button has-text-primary is-uppercase is-center mt-50 has-text-weight-bold"
                onClick={[Function]}
              >
                NOT_NOW
              </button>
              <button
                className="configure-button has-text-primary is-uppercase is-center mt-50 has-text-weight-bold"
                onClick={[Function]}
              >
                Go to Panel layout tool
              </button>
            </div>
          </div>
        </div>
      </InstallSuccessful>
    </Provider>
  </Router>
</BrowserRouter>
`;
