// Jest Snapshot v1, https://goo.gl/fbAQLP

exports[`Profile page renders without crashing 1`] = `
<ModalLayout
  title="PROFILE"
>
  <ProfileLabel
    content="undefined undefined"
    title="PLACEHOLDER_NAME"
    to=""
  />
  <ProfileLabel
    title="PLACEHOLDER_EMAIL"
    to=""
  />
  <ProfileLabel
    title="PLACEHOLDER_PHONE"
    to=""
  />
  <ProfileLabel
    content="••••••••••"
    title="PLACEHOLDER_PASSWORD"
    to="/menu/update-password"
  />
  <div
    className="content pt-40"
  >
    <Reports />
  </div>
  <div
    className="content mt-20 mb-40 file is-centered"
  >
    <Logout />
  </div>
</ModalLayout>
`;
