// Jest Snapshot v1, https://goo.gl/fbAQLP

exports[`HelpSerial page renders without crashing 1`] = `
<ModalLayout
  className="help-serial"
  from="/sign-up/serial"
  title="Device serial number"
>
  <ModalItem
    overtitle="We need a monitoring device serial number to create your account"
    title="You may have received this:"
  >
    <ul>
      <li>
        In a welcome email from sunpower
      </li>
      <li>
        add more
      </li>
    </ul>
  </ModalItem>
</ModalLayout>
`;
