// Jest Snapshot v1, https://goo.gl/fbAQLP

exports[`Firmwares component render correctly 1`] = `"<section class=\\"is-flex tile is-vertical pt-0 pr-10 pl-10 fill-parent\\"><h1 class=\\"has-text-centered is-uppercase pb-20\\">FIRMWARE</h1><span>FIRMWARE_ERROR_FOUND: undefined</span><button class=\\"button is-primary mt-15 is-uppercase ml-25 mr-25\\">TRY_AGAIN</button></section>"`;
