// Jest Snapshot v1, https://goo.gl/fbAQLP

exports[`Firmwares component render correctly 1`] = `
<section
  className="is-flex tile is-vertical pt-0 pr-10 pl-10 fill-parent"
>
  <h1
    className="has-text-centered is-uppercase pb-20"
  >
    FIRMWARE
  </h1>
  <Collapsible
    actions={
      <span
        className="sp-stop is-size-4"
      />
    }
    expanded={true}
    title="PVS6 FW 3.1"
  >
    <p>
      This update contains the following fixes:
    </p>
    <ul>
      <li>
        -Changelog item 1
      </li>
      <li>
        -Changelog item 2
      </li>
      <li>
        -Changelog item 3
      </li>
      <li>
        -Changelog item 4
      </li>
    </ul>
    <section
      className="mt-20 mb-10"
    >
      <p
        className="mb-5"
      >
        <span
          className="mr-10 has-text-white has-text-weight-bold"
        >
          40%
        </span>
        Downloading
        <span
          className="is-pulled-right has-text-white has-text-weight-bold"
        >
          348.57mb
        </span>
      </p>
      <progress
        className="progress is-tiny is-white"
        max="100"
        value="40"
      />
    </section>
  </Collapsible>
</section>
`;
