// Jest Snapshot v1, https://goo.gl/fbAQLP

exports[`Menu Page render correctly 1`] = `
<div
  className="menu-floating"
>
  <MenuItemsContainer
    items={
      Array [
        Object {
          "display": true,
          "icon": "sp-map",
          "text": "CHANGE_ADDRESS",
          "to": "/",
        },
        Object {
          "component": [Function],
          "display": true,
          "icon": "sp-update",
          "text": "MANAGE_FIRMWARES",
        },
        Object {
          "component": [Function],
          "display": true,
          "icon": "sp-info",
          "text": "VERSION_INFORMATION",
        },
        Object {
          "component": [Function],
          "display": true,
          "icon": "sp-feedback",
          "text": "GIVE_FEEDBACK",
        },
        Object {
          "component": [Function],
          "display": false,
          "text": "FIRMWARE_RELEASE_NOTES",
        },
      ]
    }
  />
</div>
`;
