// Jest Snapshot v1, https://goo.gl/fbAQLP

exports[`SwitchButton page renders without crashing 1`] = `
<div
  className="field switch-button"
>
  <input
    className="switch is-rounded"
    id="switch-default"
    type="checkbox"
  />
  <label
    htmlFor="switch-default"
  >
    <span
      className="on"
    >
      ON
    </span>
    <span
      className="off"
    >
      OFF
    </span>
  </label>
</div>
`;
