// Jest Snapshot v1, https://goo.gl/fbAQLP

exports[`Serial Number List Page renders correctly 1`] = `
<BrowserRouter
  keyLength={0}
>
  <Router
    history={
      Object {
        "action": "POP",
        "block": [Function],
        "createHref": [Function],
        "go": [Function],
        "goBack": [Function],
        "goForward": [Function],
        "length": 1,
        "listen": [Function],
        "location": Object {
          "hash": "",
          "pathname": "/",
          "search": "",
          "state": undefined,
        },
        "push": [Function],
        "replace": [Function],
      }
    }
  >
    <Provider
      store={
        Object {
          "clearActions": [Function],
          "dispatch": [Function],
          "getActions": [Function],
          "getState": [Function],
          "replaceReducer": [Function],
          "subscribe": [Function],
        }
      }
    >
      <SNList>
        <BlockUi
          blocking={false}
          className="snlist-blockui"
          loader={[Function]}
          message="OPENING_CAMERA"
          renderChildren={true}
          tag="div"
        >
          <div
            aria-busy={false}
            className="snlist-blockui"
          >
            <div
              className="snlist is-vertical has-text-centered pl-10 pr-10"
            >
              <div
                className="top-text"
              >
                <span
                  className="is-uppercase has-text-weight-bold"
                >
                  SCAN_MI_LABELS
                </span>
                <span
                  className="has-text-white"
                >
                  FOUND_SN 3
                </span>
              </div>
              <div
                className="sn-container"
              >
                <div
                  className="sn-item mt-10 mb-10 pb-5"
                  key="E00121852014339"
                >
                  <span
                    className="is-uppercase has-text-weight-bold has-text-white"
                  >
                    E00121852014339
                  </span>
                  <button
                    className="has-text-white is-size-6"
                    onClick={[Function]}
                  >
                    <i
                      className="sp-trash"
                    />
                  </button>
                </div>
                <div
                  className="sn-item mt-10 mb-10 pb-5"
                  key="E00121852014348"
                >
                  <span
                    className="is-uppercase has-text-weight-bold has-text-white"
                  >
                    E00121852014348
                  </span>
                  <button
                    className="has-text-white is-size-6"
                    onClick={[Function]}
                  >
                    <i
                      className="sp-trash"
                    />
                  </button>
                </div>
                <div
                  className="sn-item mt-10 mb-10 pb-5"
                  key="E00121929013075"
                >
                  <span
                    className="is-uppercase has-text-weight-bold has-text-white"
                  >
                    E00121929013075
                  </span>
                  <button
                    className="has-text-white is-size-6"
                    onClick={[Function]}
                  >
                    <i
                      className="sp-trash"
                    />
                  </button>
                </div>
              </div>
              <div
                className="sn-buttons"
              >
                <ScanButtons
                  countSN={[Function]}
                  onScanMore={[Function]}
                >
                  <div
                    className="sn-buttons"
                  >
                    <button
                      className="button half-button-padding is-secondary is-uppercase trigger-scan mr-10"
                      onClick={[Function]}
                    >
                      SCAN_MORE
                    </button>
                    <button
                      className="button half-button-padding is-primary is-uppercase trigger-scan"
                      onClick={[Function]}
                    >
                      CONTINUE
                    </button>
                  </div>
                </ScanButtons>
                <button
                  className="button has-text-centered is-uppercase is-secondary has-no-border"
                  onClick={[Function]}
                >
                  SN_MANUAL_ENTRY
                </button>
              </div>
            </div>
            <span />
          </div>
        </BlockUi>
      </SNList>
    </Provider>
  </Router>
</BrowserRouter>
`;
