// Jest Snapshot v1, https://goo.gl/fbAQLP

exports[`SavingConfiguration component renders correctly 1`] = `
<BrowserRouter
  keyLength={0}
>
  <Router
    history={
      Object {
        "action": "POP",
        "block": [Function],
        "createHref": [Function],
        "go": [Function],
        "goBack": [Function],
        "goForward": [Function],
        "length": 1,
        "listen": [Function],
        "location": Object {
          "hash": "",
          "pathname": "/",
          "search": "",
          "state": undefined,
        },
        "push": [Function],
        "replace": [Function],
      }
    }
  >
    <Provider
      store={
        Object {
          "clearActions": [Function],
          "dispatch": [Function],
          "getActions": [Function],
          "getState": [Function],
          "replaceReducer": [Function],
          "subscribe": [Function],
        }
      }
    >
      <SavingConfiguration>
        <div
          className="saving-configuration has-text-centered pt-20 pr-20 pl-20"
        >
          <span
            className="is-uppercase has-text-weight-bold"
          >
            CONFIG_ERROR
          </span>
          <div
            className="pt-20 pb-20"
          >
            <i
              className="sp-close has-text-white is-size-1"
            />
          </div>
          <div
            className="status-message"
          >
            <span>
              CONFIG_ERROR_2
            </span>
            <span>
              UNKNOWN_ERROR
            </span>
            <button
              className="button is-primary"
              onClick={[Function]}
            >
              RETRY
            </button>
          </div>
        </div>
      </SavingConfiguration>
    </Provider>
  </Router>
</BrowserRouter>
`;
