// Jest Snapshot v1, https://goo.gl/fbAQLP

exports[`MiDataLive Component Renders Correctly when there is data to show 1`] = `
<div
  className="mt-10 mb-10"
>
  <Collapsible
    actions="0.72 kW"
    title="POWER_PRODUCTION"
  >
    <div
      className="mi-data-live"
    >
      <div
        className="power-production"
      >
        <div
          className="inverter-count"
        >
          <span
            className="count-value has-text-weight-bold is-size-1"
          >
            2
          </span>
          <span
            className="ml-10 has-text-weight-bold"
          >
            INVERTERS
          </span>
        </div>
        <div
          className="power-row mt-5 mb-5"
          key="E00121837000376"
        >
          <span
            className="has-text-white"
          >
            E00121837000376
          </span>
          <span
            className="has-text-weight-bold has-text-right has-text-white"
          >
            360 WATTS
          </span>
        </div>
        <div
          className="power-row mt-5 mb-5"
          key="E00121836037707"
        >
          <span
            className="has-text-white"
          >
            E00121836037707
          </span>
          <span
            className="has-text-weight-bold has-text-right has-text-white"
          >
            360 WATTS
          </span>
        </div>
      </div>
    </div>
  </Collapsible>
</div>
`;

exports[`MiDataLive Component Renders Correctly when there is no data 1`] = `
<div
  className="mt-10 mb-10"
>
  <Collapsible
    actions="0.00 kW"
    title="POWER_PRODUCTION"
  >
    <div
      className="mi-data-live"
    >
      <div
        className="auto pl-30 pr-30"
      >
        <p
          className="has-text-centered empty is-size-4"
        >
          NO_MI_LIVE_DATA
        </p>
      </div>
    </div>
  </Collapsible>
</div>
`;
