// Jest Snapshot v1, https://goo.gl/fbAQLP

exports[`TutorialVideoList component renders correctly 1`] = `
<BrowserRouter
  keyLength={0}
>
  <Router
    history={
      Object {
        "action": "POP",
        "block": [Function],
        "createHref": [Function],
        "go": [Function],
        "goBack": [Function],
        "goForward": [Function],
        "length": 1,
        "listen": [Function],
        "location": Object {
          "hash": "",
          "pathname": "/",
          "search": "",
          "state": undefined,
        },
        "push": [Function],
        "replace": [Function],
      }
    }
  >
    <Provider
      store={
        Object {
          "clearActions": [Function],
          "dispatch": [Function],
          "getActions": [Function],
          "getState": [Function],
          "replaceReducer": [Function],
          "subscribe": [Function],
        }
      }
    >
      <TutorialVideosList>
        <section
          className="is-flex tile is-vertical section pt-0 fill-parent"
        >
          <div
            className="header mb-15"
          >
            <span
              className="sp-chevron-left has-text-primary is-size-4 go-back"
              onClick={[Function]}
            />
            <span
              className="is-uppercase"
              role="button"
            >
              TUTORIAL_VIDEOS
            </span>
          </div>
          <ButtonLink
            key="Downloading firmware"
            onClick={[Function]}
            title="Downloading firmware"
          >
            <div
              className="button-link mt-10 mb-10"
              onClick={[Function]}
            >
              <div
                className="route-name"
              >
                <span>
                  Downloading firmware
                </span>
              </div>
              <div
                className="arrow-right pt-2"
              >
                <span
                  className="sp-chevron-right has-text-primary is-size-6"
                />
              </div>
            </div>
          </ButtonLink>
          <ButtonLink
            key="Connect + Update firmware"
            onClick={[Function]}
            title="Connect + Update firmware"
          >
            <div
              className="button-link mt-10 mb-10"
              onClick={[Function]}
            >
              <div
                className="route-name"
              >
                <span>
                  Connect + Update firmware
                </span>
              </div>
              <div
                className="arrow-right pt-2"
              >
                <span
                  className="sp-chevron-right has-text-primary is-size-6"
                />
              </div>
            </div>
          </ButtonLink>
          <ButtonLink
            key="Discover + claim"
            onClick={[Function]}
            title="Discover + claim"
          >
            <div
              className="button-link mt-10 mb-10"
              onClick={[Function]}
            >
              <div
                className="route-name"
              >
                <span>
                  Discover + claim
                </span>
              </div>
              <div
                className="arrow-right pt-2"
              >
                <span
                  className="sp-chevron-right has-text-primary is-size-6"
                />
              </div>
            </div>
          </ButtonLink>
          <ButtonLink
            key="Configure system"
            onClick={[Function]}
            title="Configure system"
          >
            <div
              className="button-link mt-10 mb-10"
              onClick={[Function]}
            >
              <div
                className="route-name"
              >
                <span>
                  Configure system
                </span>
              </div>
              <div
                className="arrow-right pt-2"
              >
                <span
                  className="sp-chevron-right has-text-primary is-size-6"
                />
              </div>
            </div>
          </ButtonLink>
        </section>
      </TutorialVideosList>
    </Provider>
  </Router>
</BrowserRouter>
`;
