// Jest Snapshot v1, https://goo.gl/fbAQLP

exports[`KnowledgeBase component renders correctly 1`] = `
<section
  className="is-flex tile is-vertical section pt-0 fill-parent"
>
  <h1
    className="has-text-centered is-uppercase has-text-weight-bold  pb-20"
  >
    QUICKSTART_GUIDES
  </h1>
  <ListRow
    title="Equinox AC Modules"
  />
</section>
`;
