// Jest Snapshot v1, https://goo.gl/fbAQLP

exports[`Bulk Scan screen renders correctly 1`] = `
<BrowserRouter
  keyLength={0}
>
  <Router
    history={
      Object {
        "action": "POP",
        "block": [Function],
        "createHref": [Function],
        "go": [Function],
        "goBack": [Function],
        "goForward": [Function],
        "length": 1,
        "listen": [Function],
        "location": Object {
          "hash": "",
          "pathname": "/",
          "search": "",
          "state": undefined,
        },
        "push": [Function],
        "replace": [Function],
      }
    }
  >
    <Provider
      store={
        Object {
          "clearActions": [Function],
          "dispatch": [Function],
          "getActions": [Function],
          "getState": [Function],
          "replaceReducer": [Function],
          "subscribe": [Function],
        }
      }
    >
      <ScanLabels>
        <BlockUi
          blocking={false}
          loader={[Function]}
          message="OPENING_CAMERA"
          renderChildren={true}
          tag="div"
        >
          <div
            aria-busy={false}
          >
            <div
              className="scan-labels is-vertical has-text-centered pl-10 pr-10"
            >
              <span
                className="is-uppercase has-text-weight-bold"
              >
                SCAN_EQUIPMENT
              </span>
              <div
                className="barcode-icon"
              >
                <ForwardRef(SvgBarcode)>
                  <svg>
                    Barcode.svg
                  </svg>
                </ForwardRef(SvgBarcode)>
              </div>
              <span
                className="hint-text"
              >
                BULK_SCAN_HINT
              </span>
              <button
                className="button is-primary trigger-scan"
                disabled={false}
                onClick={[Function]}
              >
                BULK_SCAN
              </button>
              <Link
                className="has-text-centered is-uppercase"
                to="/scan-labels"
              >
                <LinkAnchor
                  className="has-text-centered is-uppercase"
                  href="/scan-labels"
                  navigate={[Function]}
                >
                  <a
                    className="has-text-centered is-uppercase"
                    href="/scan-labels"
                    onClick={[Function]}
                  >
                    CANT_FIND_INVERTERS
                  </a>
                </LinkAnchor>
              </Link>
            </div>
            <span />
          </div>
        </BlockUi>
      </ScanLabels>
    </Provider>
  </Router>
</BrowserRouter>
`;
