// Jest Snapshot v1, https://goo.gl/fbAQLP

exports[`RMA devices component render correctly 1`] = `
<BrowserRouter
  keyLength={0}
>
  <Router
    history={
      Object {
        "action": "POP",
        "block": [Function],
        "createHref": [Function],
        "go": [Function],
        "goBack": [Function],
        "goForward": [Function],
        "length": 1,
        "listen": [Function],
        "location": Object {
          "hash": "",
          "pathname": "/",
          "search": "",
          "state": undefined,
        },
        "push": [Function],
        "replace": [Function],
      }
    }
  >
    <Provider
      store={
        Object {
          "clearActions": [Function],
          "dispatch": [Function],
          "getActions": [Function],
          "getState": [Function],
          "replaceReducer": [Function],
          "subscribe": [Function],
        }
      }
    >
      <RMADevices>
        <main
          className="full-height pl-10 pr-10 rma-devices-screen"
        >
          <div
            className="header mb-20"
          >
            <span
              className="sp-chevron-left has-text-primary is-size-4 go-back"
            />
            <span
              className="is-uppercase has-text-weight-bold  page-title"
            >
              RMA_DEVICES
            </span>
          </div>
          <Collapsible
            expanded={true}
            title="MICROINVERTERS"
          >
            <div
              className="collapsible"
            >
              <div
                className="collapsible-header"
              >
                <div
                  className="collapsible-title"
                >
                  <span />
                  <span
                    className="has-text-weight-bold"
                  >
                    MICROINVERTERS
                  </span>
                </div>
                <div
                  className="collapsible-actions"
                />
                <div
                  className="collapsible-trigger"
                >
                  <div
                    className="chevron down"
                    onClick={[Function]}
                  >
                    <span
                      className="sp-chevron-up"
                    />
                  </div>
                </div>
              </div>
              <div
                className="collapsible-content expanded"
              >
                <div
                  className="buttons-container"
                >
                  <button
                    className="button is-paddingless has-text-primary button-transparent"
                    onClick={[Function]}
                  >
                    SELECT_ALL
                  </button>
                  <button
                    className="button is-paddingless has-text-primary button-transparent"
                    disabled={true}
                  >
                    REMOVE
                  </button>
                </div>
              </div>
            </div>
          </Collapsible>
          <div
            className="mt-10"
          />
          <Collapsible
            expanded={true}
            title="Storage Equipment"
          >
            <div
              className="collapsible"
            >
              <div
                className="collapsible-header"
              >
                <div
                  className="collapsible-title"
                >
                  <span />
                  <span
                    className="has-text-weight-bold"
                  >
                    STORAGE EQUIPMENT
                  </span>
                </div>
                <div
                  className="collapsible-actions"
                />
                <div
                  className="collapsible-trigger"
                >
                  <div
                    className="chevron down"
                    onClick={[Function]}
                  >
                    <span
                      className="sp-chevron-up"
                    />
                  </div>
                </div>
              </div>
              <div
                className="collapsible-content expanded"
              >
                <div
                  key="00001B3DDACD"
                >
                  <span
                    className="has-text-weight-bold has-text-white"
                  >
                    STORAGE_INVERTER
                  </span>
                  <span
                    className="ml-10"
                  >
                    00001B3DDACD
                  </span>
                </div>
                <div
                  key="F2191700087033685504"
                >
                  <span
                    className="has-text-weight-bold has-text-white"
                  >
                    BATTERY
                  </span>
                  <span
                    className="ml-10"
                  >
                    F2191700087033685504
                  </span>
                </div>
                <div
                  key="F21917000870"
                >
                  <span
                    className="has-text-weight-bold has-text-white"
                  >
                    GATEWAY
                  </span>
                  <span
                    className="ml-10"
                  >
                    F21917000870
                  </span>
                </div>
                <div
                  key="Serial-MIDC-Saturn"
                >
                  <span
                    className="has-text-weight-bold has-text-white"
                  >
                    MIDC
                  </span>
                  <span
                    className="ml-10"
                  >
                    Serial-MIDC-Saturn
                  </span>
                </div>
                <div
                  key="Serial-MIO-Saturn"
                >
                  <span
                    className="has-text-weight-bold has-text-white"
                  >
                    MIO
                  </span>
                  <span
                    className="ml-10"
                  >
                    Serial-MIO-Saturn
                  </span>
                </div>
                <button
                  className="button is-paddingless has-text-primary button-transparent"
                >
                  ADD_REPLACE_EQUIPMENT
                </button>
              </div>
            </div>
          </Collapsible>
          <div
            className="mt-10"
          />
          <Collapsible
            expanded={true}
            title="OTHER_DEVICES"
          >
            <div
              className="collapsible"
            >
              <div
                className="collapsible-header"
              >
                <div
                  className="collapsible-title"
                >
                  <span />
                  <span
                    className="has-text-weight-bold"
                  >
                    OTHER_DEVICES
                  </span>
                </div>
                <div
                  className="collapsible-actions"
                />
                <div
                  className="collapsible-trigger"
                >
                  <div
                    className="chevron down"
                    onClick={[Function]}
                  >
                    <span
                      className="sp-chevron-up"
                    />
                  </div>
                </div>
              </div>
              <div
                className="collapsible-content expanded"
              >
                <div
                  className="other-components"
                >
                  <div
                    key="ZT191585000549A0355"
                  >
                    <span
                      className="has-text-weight-bold has-text-white"
                    >
                      PV Supervisor PVS6
                    </span>
                    <span
                      className="ml-10"
                    >
                      ZT191585000549A0355
                    </span>
                  </div>
                  <div
                    key="PVS6M19150355p"
                  >
                    <span
                      className="has-text-weight-bold has-text-white"
                    >
                      PVS6M0400p
                    </span>
                    <span
                      className="ml-10"
                    >
                      PVS6M19150355p
                    </span>
                  </div>
                  <div
                    key="PVS6M19150355c"
                  >
                    <span
                      className="has-text-weight-bold has-text-white"
                    >
                      PVS6M0400c
                    </span>
                    <span
                      className="ml-10"
                    >
                      PVS6M19150355c
                    </span>
                  </div>
                  <div
                    key="E00121939001311"
                  >
                    <span
                      className="has-text-weight-bold has-text-white"
                    >
                      AC_Module_Type_E
                    </span>
                    <span
                      className="ml-10"
                    >
                      E00121939001311
                    </span>
                  </div>
                  <div
                    key="E00121939002888"
                  >
                    <span
                      className="has-text-weight-bold has-text-white"
                    >
                      AC_Module_Type_E
                    </span>
                    <span
                      className="ml-10"
                    >
                      E00121939002888
                    </span>
                  </div>
                </div>
              </div>
            </div>
          </Collapsible>
        </main>
      </RMADevices>
    </Provider>
  </Router>
</BrowserRouter>
`;
