// Jest Snapshot v1, https://goo.gl/fbAQLP

exports[`RMA devices component render correctly 1`] = `
<BrowserRouter
  keyLength={0}
>
  <Router
    history={
      Object {
        "action": "POP",
        "block": [Function],
        "createHref": [Function],
        "go": [Function],
        "goBack": [Function],
        "goForward": [Function],
        "length": 1,
        "listen": [Function],
        "location": Object {
          "hash": "",
          "pathname": "/",
          "search": "",
          "state": undefined,
        },
        "push": [Function],
        "replace": [Function],
      }
    }
  >
    <Provider
      store={
        Object {
          "clearActions": [Function],
          "dispatch": [Function],
          "getActions": [Function],
          "getState": [Function],
          "replaceReducer": [Function],
          "subscribe": [Function],
        }
      }
    >
      <RMADevices>
        <main
          className="full-height pl-10 pr-10 rma-devices"
        >
          <div
            className="header mb-20"
          >
            <span
              className="sp-chevron-left has-text-primary is-size-4 go-back"
              onClick={[Function]}
            />
            <span
              className="is-uppercase has-text-weight-bold  page-title"
            >
              RMA_DEVICES
            </span>
          </div>
          <Collapsible
            actions={
              <Memo(Menu)
                align="start"
                animation={true}
                className="dark-menu"
                direction="bottom"
                keepMounted={true}
                menuButton={
                  <span
                    className="has-text-primary is-size-5 sp-contextmenu"
                  />
                }
                offsetX={0}
                offsetY={0}
                overflow="visible"
                position="auto"
                viewScroll="initial"
              >
                <Memo(MenuItem)
                  className="dark-menu-item has-text-primary has-text-left has-text-weight-bold"
                  onClick={[Function]}
                >
                  ADD_MIS
                </Memo(MenuItem)>
                <Memo(MenuDivider) />
                <Memo(MenuItem)
                  className="dark-menu-item has-text-primary has-text-left has-text-weight-bold"
                  onClick={[Function]}
                >
                  EDIT_PANELS
                </Memo(MenuItem)>
              </Memo(Menu)>
            }
            expanded={true}
            title="MICROINVERTERS"
          >
            <div
              className="collapsible"
            >
              <div
                className="collapsible-header"
                onClick={[Function]}
              >
                <div
                  className="collapsible-title"
                >
                  <span />
                  <span
                    className="has-text-weight-bold"
                  >
                    MICROINVERTERS
                  </span>
                </div>
                <div
                  className="collapsible-actions"
                >
                  <Menu
                    align="start"
                    animation={true}
                    className="dark-menu"
                    direction="bottom"
                    keepMounted={true}
                    menuButton={
                      <span
                        className="has-text-primary is-size-5 sp-contextmenu"
                      />
                    }
                    offsetX={0}
                    offsetY={0}
                    overflow="visible"
                    position="auto"
                    viewScroll="initial"
                  >
                    <span
                      className="has-text-primary is-size-5 sp-contextmenu"
                      onClick={[Function]}
                      onKeyDown={[Function]}
                    />
                    <div
                      className="rc-menu-container"
                      onBlur={[Function]}
                      onKeyDown={[Function]}
                      role="presentation"
                    >
                      <Memo(MenuList)
                        align="start"
                        anchorRef={
                          Object {
                            "current": <span
                              class="has-text-primary is-size-5 sp-contextmenu"
                            />,
                          }
                        }
                        ariaLabel="Menu"
                        className="dark-menu"
                        containerRef={
                          Object {
                            "current": <div
                              class="rc-menu-container"
                              role="presentation"
                            />,
                          }
                        }
                        direction="bottom"
                        isMounted={false}
                        isOpen={false}
                        menuItemFocus={
                          Object {
                            "position": "initial",
                          }
                        }
                        offsetX={0}
                        offsetY={0}
                        onClose={[Function]}
                        overflow="visible"
                        position="auto"
                      >
                        <Memo(MenuItem)
                          className="dark-menu-item has-text-primary has-text-left has-text-weight-bold"
                          onClick={[Function]}
                        />
                        <Memo(MenuDivider) />
                        <Memo(MenuItem)
                          className="dark-menu-item has-text-primary has-text-left has-text-weight-bold"
                          onClick={[Function]}
                        />
                      </Memo(MenuList)>
                    </div>
                  </Menu>
                </div>
                <div
                  className="collapsible-trigger"
                >
                  <div
                    className="chevron down"
                  >
                    <span
                      className="sp-chevron-up"
                    />
                  </div>
                </div>
              </div>
              <div
                className="collapsible-content expanded"
              >
                <label
                  className="has-text-weight-bold has-text-white pb-10 pt-10 is-flex"
                  key="E00121939001311"
                >
                  <input
                    checked={false}
                    className="mr-10 checkbox-dark"
                    onChange={[Function]}
                    type="checkbox"
                    value="E00121939001311"
                  />
                  E00121939001311
                </label>
                <label
                  className="has-text-weight-bold has-text-white pb-10 pt-10 is-flex"
                  key="E00121939002888"
                >
                  <input
                    checked={false}
                    className="mr-10 checkbox-dark"
                    onChange={[Function]}
                    type="checkbox"
                    value="E00121939002888"
                  />
                  E00121939002888
                </label>
                <div
                  className="buttons-container"
                >
                  <button
                    className="button is-paddingless has-text-primary has-text-weight-bold is-size-7 button-transparent"
                    onClick={[Function]}
                  >
                    SELECT_ALL
                  </button>
                  <button
                    className="button is-paddingless has-text-primary has-text-weight-bold is-size-7 button-transparent"
                    disabled={true}
                    onClick={[Function]}
                  >
                    REMOVE
                  </button>
                </div>
              </div>
            </div>
          </Collapsible>
          <div
            className="mt-10"
          />
          <Collapsible
            expanded={true}
            title="Storage Equipment"
          >
            <div
              className="collapsible"
            >
              <div
                className="collapsible-header"
                onClick={[Function]}
              >
                <div
                  className="collapsible-title"
                >
                  <span />
                  <span
                    className="has-text-weight-bold"
                  >
                    STORAGE EQUIPMENT
                  </span>
                </div>
                <div
                  className="collapsible-actions"
                />
                <div
                  className="collapsible-trigger"
                >
                  <div
                    className="chevron down"
                  >
                    <span
                      className="sp-chevron-up"
                    />
                  </div>
                </div>
              </div>
              <div
                className="collapsible-content expanded"
              >
                <span
                  className="has-text-white has-text-weight-bold"
                >
                  NO_STORAGE_RMA
                </span>
                <span
                  className="mt-5"
                >
                  NO_STORAGE_RMA_HINT
                </span>
                <div
                  className="buttons-container"
                >
                  <button
                    className="button is-paddingless has-text-primary has-text-weight-bold is-size-7 button-transparent"
                    onClick={[Function]}
                  >
                    COMM_STORAGE
                  </button>
                </div>
              </div>
            </div>
          </Collapsible>
          <div
            className="mt-10 has-text-centered button-container"
          >
            <button
              className="button mb-30 is-paddingless has-text-primary has-text-weight-bold is-size-7 button-transparent"
              onClick={[Function]}
            >
              REFRESH_DEVICE_LIST
            </button>
          </div>
        </main>
      </RMADevices>
    </Provider>
  </Router>
</BrowserRouter>
`;
