// Jest Snapshot v1, https://goo.gl/fbAQLP

exports[`VersionInformation component renders correctly 1`] = `
<BrowserRouter
  keyLength={0}
>
  <Router
    history={
      Object {
        "action": "POP",
        "block": [Function],
        "createHref": [Function],
        "go": [Function],
        "goBack": [Function],
        "goForward": [Function],
        "length": 1,
        "listen": [Function],
        "location": Object {
          "hash": "",
          "pathname": "/",
          "search": "",
          "state": undefined,
        },
        "push": [Function],
        "replace": [Function],
      }
    }
  >
    <Provider
      store={
        Object {
          "clearActions": [Function],
          "dispatch": [Function],
          "getActions": [Function],
          "getState": [Function],
          "replaceReducer": [Function],
          "subscribe": [Function],
        }
      }
    >
      <FirmwareReleaseNotes>
        <ReleaseNotes
          releaseNotes={
            Object {
              "meta": Object {
                "description": "This file contains the release notes for PVS firmware",
                "version": "1.0.0",
              },
              "versions": Array [
                Object {
                  "bodyMarkdown": "# Features
- SunVault ready
- Full support for Pro Connect app",
                  "releaseDate": "2020-11-05",
                  "versionNumber": "Release 8616",
                },
                Object {
                  "bodyMarkdown": "# Improvements
- Bulletproof protection against interference from nearby Envoys
Robust microinverter firmware upgrade",
                  "releaseDate": "2020-10-01",
                  "versionNumber": "Release 6415",
                },
              ],
            }
          }
          title="PVS_FIRMWARE_RELEASE_NOTES"
        >
          <section
            className="release-notes is-flex tile is-vertical pt-0 pr-10 pl-10 full-height"
          >
            <h1
              className="has-text-centered is-uppercase pb-20"
            >
              PVS_FIRMWARE_RELEASE_NOTES
            </h1>
            <div
              className="body has-text-white"
            >
              <div
                className="collapsible"
              >
                <h1
                  class="mb-10"
                >
                  CURRENT_VERSION
                  : 
                </h1>
                <p>
                  UNABLE_TO_RETRIEVE_RELEASE_NOTES
                </p>
              </div>
            </div>
          </section>
        </ReleaseNotes>
      </FirmwareReleaseNotes>
    </Provider>
  </Router>
</BrowserRouter>
`;
