// Jest Snapshot v1, https://goo.gl/fbAQLP

exports[`FeedbackForm component render correctly 1`] = `
<form
  className="mt-20 pt-20"
  onSubmit={[Function]}
>
  <div
    className="has-text-centered has-text-white has-text-weight-bold mb-5"
  >
    RATE_APP
  </div>
  <Rating
    onClick={[Function]}
    rating=""
  />
  <TextArea
    input={
      Object {
        "name": "comment",
        "onBlur": [Function],
        "onChange": [Function],
        "onFocus": [Function],
        "value": "",
      }
    }
    meta={Object {}}
    placeholder="GIVE_FEEDBACK_PAGE_PLACEHOLDER"
  />
  <div
    className="is-flex file level space-around pt-0 mt-20"
  >
    <button
      className="button is-uppercase is-primary is-loading"
      disabled={
        [MockFunction] {
          "calls": Array [
            Array [
              Object {
                "error": false,
                "payload": undefined,
                "type": "[3] [ UI ] MENU_HIDE",
              },
            ],
          ],
          "results": Array [
            Object {
              "type": "return",
              "value": undefined,
            },
          ],
        }
      }
      type="submit"
    >
      SUBMIT
    </button>
  </div>
  <div
    className="message error mb-10 mt-10"
  >
    <p
      className="pl-20 pr-20"
    >
      FEEDBACK_ERROR
    </p>
  </div>
</form>
`;
