// Jest Snapshot v1, https://goo.gl/fbAQLP

exports[`BillOfMaterials component render correctly 1`] = `
<BrowserRouter
  keyLength={0}
>
  <Router
    history={
      Object {
        "action": "POP",
        "block": [Function],
        "createHref": [Function],
        "go": [Function],
        "goBack": [Function],
        "goForward": [Function],
        "length": 1,
        "listen": [Function],
        "location": Object {
          "hash": "",
          "pathname": "/",
          "search": "",
          "state": undefined,
        },
        "push": [Function],
        "replace": [Function],
      }
    }
  >
    <Provider
      store={
        Object {
          "clearActions": [Function],
          "dispatch": [Function],
          "getActions": [Function],
          "getState": [Function],
          "replaceReducer": [Function],
          "subscribe": [Function],
        }
      }
    >
      <BillOfMaterials>
        <main
          className="full-height pl-10 pr-10 home"
        >
          <div
            className="pl-20 pr-20 mb-20"
          >
            <ProgressiveImage
              overlaySrc="MapPlaceholder.svg"
              src="https://maps.googleapis.com/maps/api/staticmap?center=undefined,undefined&zoom=21&size=800x800&key=undefined&maptype=hybrid&markers=scale:4|blue|undefined,undefined&scale=4"
            >
              <div
                className="progressive-image-container"
              >
                <img
                  alt=""
                  className="waiting"
                  onLoad={[Function]}
                  src="https://maps.googleapis.com/maps/api/staticmap?center=undefined,undefined&zoom=21&size=800x800&key=undefined&maptype=hybrid&markers=scale:4|blue|undefined,undefined&scale=4"
                />
                <img
                  alt=""
                  className="overlay"
                  src="MapPlaceholder.svg"
                />
              </div>
            </ProgressiveImage>
          </div>
          <span
            className="is-uppercase is-block is-full-width has-text-centered is-bold mb-30 "
          >
            CUSTOMER_INFORMATION
          </span>
          <section
            className="mb-40"
          >
            <div
              className="is-flex is-vertical"
            >
              <div
                className="is-flex is-vertical tile pl-40"
              >
                <div
                  className="tile is-flex is-vertical"
                >
                  <span
                    className="is-uppercase is-size-7 "
                  >
                    NAME:
                  </span>
                  <span
                    className="has-text-white mb-10 is-capitalized"
                  />
                </div>
                <div
                  className="tile is-flex is-vertical"
                >
                  <span
                    className=" is-uppercase is-size-7"
                  >
                    PHONE:
                  </span>
                  <span
                    className="has-text-white mb-10"
                  />
                </div>
              </div>
              <div
                className="is-flex is-vertical tile is-center pr-40"
              >
                <div
                  className="tile is-flex is-vertical is-hidden"
                >
                  <span
                    className=" is-uppercase is-size-7"
                  >
                    UTILITY:
                  </span>
                  <span
                    className="has-text-white mb-10"
                  >
                    PG&E
                  </span>
                </div>
              </div>
            </div>
            <div
              className="tile pl-40 is-flex is-vertical"
            >
              <span
                className="is-uppercase is-size-7"
              >
                ADDRESS:
              </span>
              <span
                className="has-text-white mb-10"
              />
            </div>
          </section>
          <section
            className="mb-50"
          >
            <Link
              className="is-block is-full-width has-text-centered is-bold mb-30 has-text-weight-bold"
              to="/inventory-count"
            >
              <LinkAnchor
                className="is-block is-full-width has-text-centered is-bold mb-30 has-text-weight-bold"
                href="/inventory-count"
                navigate={[Function]}
              >
                <a
                  className="is-block is-full-width has-text-centered is-bold mb-30 has-text-weight-bold"
                  href="/inventory-count"
                  onClick={[Function]}
                >
                  ADD_INVENTORY
                </a>
              </LinkAnchor>
            </Link>
          </section>
          <section
            className="is-flex file level space-around section pt-0"
          >
            <span
              className="is-uppercase has-text-white block"
            >
              SOMETHING_WRONG
            </span>
            <Link
              className="is-bold"
              to="/"
            >
              <LinkAnchor
                className="is-bold"
                href="/"
                navigate={[Function]}
              >
                <a
                  className="is-bold"
                  href="/"
                  onClick={[Function]}
                >
                  SEND_A_REPORT
                </a>
              </LinkAnchor>
            </Link>
          </section>
        </main>
      </BillOfMaterials>
    </Provider>
  </Router>
</BrowserRouter>
`;
