// Jest Snapshot v1, https://goo.gl/fbAQLP

exports[`ESSHealthCheck component initial state render correctly 1`] = `
Object {
  "component": <BrowserRouter
    keyLength={0}
  >
    <Router
      history={
        Object {
          "action": "POP",
          "block": [Function],
          "createHref": [Function],
          "go": [Function],
          "goBack": [Function],
          "goForward": [Function],
          "length": 1,
          "listen": [Function],
          "location": Object {
            "hash": "",
            "pathname": "/",
            "search": "",
            "state": undefined,
          },
          "push": [Function],
          "replace": [Function],
        }
      }
    >
      <Provider
        store={
          Object {
            "clearActions": [Function],
            "dispatch": [Function],
            "getActions": [Function],
            "getState": [Function],
            "replaceReducer": [Function],
            "subscribe": [Function],
          }
        }
      >
        <ESSHealthCheck
          results={
            Object {
              "errors": Array [],
            }
          }
        >
          <div
            className="ess-hc has-text-centered pt-10 pl-10 pr-10"
          >
            <span
              className="is-uppercase has-text-weight-bold"
            >
              HEALTH_CHECK
            </span>
            <div
              className="status-message"
            />
            <ContinueFooter
              text="HEALTH_CHECK_SUCCESSFUL"
            >
              <div
                className="continue-footer"
              >
                <span
                  className="is-size-6 has-text-white has-text-weight-bold"
                >
                  NO_ERRORS_DETECTED
                </span>
                <span
                  className="is-size-6"
                >
                  HEALTH_CHECK_SUCCESSFUL
                </span>
                <Link
                  className="button is-primary is-uppercase mt-20"
                  to=""
                >
                  <LinkAnchor
                    className="button is-primary is-uppercase mt-20"
                    href="/"
                    navigate={[Function]}
                  >
                    <a
                      className="button is-primary is-uppercase mt-20"
                      href="/"
                      onClick={[Function]}
                    >
                      CONTINUE
                    </a>
                  </LinkAnchor>
                </Link>
              </div>
            </ContinueFooter>
          </div>
        </ESSHealthCheck>
      </Provider>
    </Router>
  </BrowserRouter>,
  "store": Object {
    "clearActions": [Function],
    "dispatch": [Function],
    "getActions": [Function],
    "getState": [Function],
    "replaceReducer": [Function],
    "subscribe": [Function],
  },
}
`;
