// Jest Snapshot v1, https://goo.gl/fbAQLP

exports[`ESSHealthCheck component initial state render correctly 1`] = `
Object {
  "component": <BrowserRouter
    keyLength={0}
  >
    <Router
      history={
        Object {
          "action": "POP",
          "block": [Function],
          "createHref": [Function],
          "go": [Function],
          "goBack": [Function],
          "goForward": [Function],
          "length": 1,
          "listen": [Function],
          "location": Object {
            "hash": "",
            "pathname": "/",
            "search": "",
            "state": undefined,
          },
          "push": [Function],
          "replace": [Function],
        }
      }
    >
      <Provider
        store={
          Object {
            "clearActions": [Function],
            "dispatch": [Function],
            "getActions": [Function],
            "getState": [Function],
            "replaceReducer": [Function],
            "subscribe": [Function],
          }
        }
      >
        <ESSHealthCheck
          results={
            Object {
              "errors": Array [],
            }
          }
        >
          <div
            className="ess-hc page-height has-text-centered pt-10 gridit"
          >
            <span
              className="is-uppercase has-text-weight-bold"
            >
              HEALTH_CHECK
            </span>
            <div
              className="status-messageee"
            >
              <Loader>
                <div
                  className="custom-loader"
                >
                  <div
                    className="loader-inner line-scale-pulse-out-rapid"
                  >
                    <div />
                     
                    <div />
                     
                    <div />
                     
                    <div />
                     
                    <div />
                  </div>
                </div>
              </Loader>
              <span>
                 
                HEALTH_REPORT
                 
              </span>
            </div>
          </div>
        </ESSHealthCheck>
      </Provider>
    </Router>
  </BrowserRouter>,
  "store": Object {
    "clearActions": [Function],
    "dispatch": [Function],
    "getActions": [Function],
    "getState": [Function],
    "replaceReducer": [Function],
    "subscribe": [Function],
  },
}
`;
