// Jest Snapshot v1, https://goo.gl/fbAQLP

exports[`The stringInverterReducer The initial state should not change 1`] = `
Object {
  "models": Array [
    "SPR-A390-BLK",
    "SPR-A400-BLK",
    "SER-220P",
    "SER-228P",
    "SER-228P-T10",
    "SER-235P",
    "SPR-200-BLK-U",
    "SPR-205-BLK-U",
    "SPR-210-BLK-U",
    "SPR-210-WHT-U",
    "SPR-215-BLK-U",
    "SPR-215-WHT-U",
    "SPR-217-WHT-U C",
    "SPR-220-BLK-U N",
    "SPR-220-WHT-U",
    "SPR-225E-BLK-D",
    "SPR-225E-WHT-D",
    "SPR-230E-WHT-D",
    "SPR-230NE-BLK-D",
    "SPR-230-T10",
    "SPR-230-WHT-U",
    "SPR-238E-WHT-D",
    "SPR-290-WHT-D",
    "SPR-305E-WHT-D",
    "SPR-305-T10",
    "SPR-305-T5",
    "SPR-310-WHT-D",
    "SPR-318-T5",
    "SPR-327NE-WHT-D",
    "SPR-400E-WHT-D",
    "SPR-425E-WHT-D",
    "SPR-A430-COM",
    "SPR-A430-COM-MLSD",
    "SPR-A440-COM",
    "SPR-A440-COM-MLSD",
    "SPR-A450-COM",
    "SPR-A450-COM-MLSD",
    "SPR-E19-310-COM",
    "SPR-E19-320",
    "SPR-E19-410-COM",
    "SPR-E20-245",
    "SPR-E20-320-COM",
    "SPR-E20-320-COM Helix",
    "SPR-E20-320-COM MLSD",
    "SPR-E20-320-COM MLSD Helix",
    "SPR-E20-327",
    "SPR-E20-327-COM",
    "SPR-E20-327-COM Helix",
    "SPR-E20-327-COM MLSD",
    "SPR-E20-327-COM MLSD Helix",
    "SPR-E20-330-COM",
    "SPR-E20-330-COM Helix",
    "SPR-E20-330-COM MLSD",
    "SPR-E20-330-COM MLSD Helix",
    "SPR-E20-435-COM",
    "SPR-P15-315-COM",
    "SPR-P17-330-COM",
    "SPR-P17-340-COM",
    "SPR-P17-340-COM H",
    "SPR-P17-345-COM",
    "SPR-P17-350-COM",
    "SPR-P17-350-COM H",
    "SPR-P17-355-COM",
    "SPR-P17-355-COM H",
    "SPR-P17-360-COM",
    "SPR-P17-360-COM H",
    "SPR-P19-380-COM",
    "SPR-P19-380-COM H",
    "SPR-P19-380-COM MLSD",
    "SPR-P19-380-COM MLSD H",
    "SPR-P19-385-COM",
    "SPR-P19-385-COM H",
    "SPR-P19-385-COM MLSD",
    "SPR-P19-385-COM MLSD H",
    "SPR-P19-390-COM",
    "SPR-P19-390-COM H",
    "SPR-P19-390-COM MLSD",
    "SPR-P19-390-COM MLSD H",
    "SPR-P19-395-COM",
    "SPR-P19-395-COM H",
    "SPR-P19-395-COM MLSD",
    "SPR-P19-395-COM MLSD H",
    "SPR-P19-400-COM",
    "SPR-P19-400-COM H",
    "SPR-P19-400-COM MLSD",
    "SPR-P19-400-COM MLSD H",
    "SPR-X20-327",
    "SPR-X20-327-BLK",
    "SPR-X21-335",
    "SPR-X21-335-BLK",
    "SPR-X21-345",
    "SPR-X21-345-COM",
    "SPR-X21-345-COM MLSD",
    "SPR-X21-345-COM MLSD Helix",
    "SPR-X21-350-BLK",
    "SPR-X21-460-COM",
    "SPR-X21-470-COM",
    "SPR-X22-360",
    "SPR-X22-360-COM",
    "SPR-X22-360-COM MLSD",
    "SPR-X22-360-COM MLSD Helix",
    "SPR-X22-370",
    "PL-PLT-63-BLK-U",
    "SPR-76RE-BLK-U",
  ],
  "newDevices": Array [],
}
`;
