// Jest Snapshot v1, https://goo.gl/fbAQLP

exports[`ESSDeviceMappingSuccess component renders correctly 1`] = `
Object {
  "component": <BrowserRouter
    keyLength={0}
  >
    <Router
      history={
        Object {
          "action": "POP",
          "block": [Function],
          "createHref": [Function],
          "go": [Function],
          "goBack": [Function],
          "goForward": [Function],
          "length": 1,
          "listen": [Function],
          "location": Object {
            "hash": "",
            "pathname": "/",
            "search": "",
            "state": undefined,
          },
          "push": [Function],
          "replace": [Function],
        }
      }
    >
      <Provider
        store={
          Object {
            "clearActions": [Function],
            "dispatch": [Function],
            "getActions": [Function],
            "getState": [Function],
            "replaceReducer": [Function],
            "subscribe": [Function],
          }
        }
      >
        <DeviceMappingSuccess>
          <section
            className="is-flex tile is-vertical has-text-weight-bold pt-0 pr-10 pl-10 full-height"
          >
            <h1
              className="has-text-centered is-uppercase pb-20"
            >
              DEVICE_MAP
            </h1>
            <DeviceMap
              deviceList={
                Array [
                  Object {
                    "device_fw_ver": "1.2.3",
                    "device_type": "MIDC",
                    "last_mapped": "2020-02-15 01:23:45",
                    "serial_number": "string",
                  },
                  Object {
                    "device_fw_ver": "1.2.3",
                    "device_type": "MIDC",
                    "last_mapped": "2020-02-15 01:23:45",
                    "serial_number": "string",
                  },
                  Object {
                    "device_fw_ver": "1.2.3",
                    "device_type": "MIDC",
                    "last_mapped": "2020-02-15 01:23:45",
                    "serial_number": "string",
                  },
                  Array [
                    Object {
                      "device_fw_ver": "1.2.3",
                      "device_type": "MIDC",
                      "last_mapped": "2020-02-15 01:23:45",
                      "serial_number": "string",
                    },
                  ],
                ]
              }
            >
              <div
                className="device-map mb-10 mt-10"
              >
                <div
                  className="head-device is-flex"
                >
                  <span
                    className="has-text-white has-text-weight-bold is-size-5"
                  >
                    MIDC
                  </span>
                  <span
                    className="has-text-weight-bold is-size-5"
                  >
                    STRING
                  </span>
                </div>
                <div
                  className="rest-of-devices"
                >
                  <div
                    className="mt-5 mb-5 is-flex child-device"
                    key="string"
                  >
                    <span
                      className="has-text-white has-text-weight-bold"
                    >
                      MIDC
                    </span>
                    <span
                      className="has-text-weight-bold"
                    >
                      string
                    </span>
                  </div>
                  <div
                    className="mt-5 mb-5 is-flex child-device"
                    key="string"
                  >
                    <span
                      className="has-text-white has-text-weight-bold"
                    >
                      MIDC
                    </span>
                    <span
                      className="has-text-weight-bold"
                    >
                      string
                    </span>
                  </div>
                  <div
                    className="mt-5 mb-5 is-flex child-device"
                  >
                    <span
                      className="has-text-white has-text-weight-bold"
                    >
                      MIDC
                    </span>
                    <span
                      className="has-text-weight-bold"
                    >
                      string
                    </span>
                  </div>
                </div>
              </div>
            </DeviceMap>
            <DeviceMap
              deviceList={
                Array [
                  Object {
                    "device_fw_ver": "1.2.3",
                    "device_type": "MIDC",
                    "last_mapped": "2020-02-15 01:23:45",
                    "serial_number": "string",
                  },
                ]
              }
            >
              <div
                className="device-map mb-10 mt-10"
              >
                <div
                  className="head-device is-flex"
                >
                  <span
                    className="has-text-white has-text-weight-bold is-size-5"
                  >
                    MIDC
                  </span>
                  <span
                    className="has-text-weight-bold is-size-5"
                  >
                    STRING
                  </span>
                </div>
                <div
                  className="rest-of-devices"
                />
              </div>
            </DeviceMap>
            <DeviceMap
              deviceList={
                Array [
                  Object {
                    "device_fw_ver": "1.2.3",
                    "device_type": "MIDC",
                    "last_mapped": "2020-02-15 01:23:45",
                    "serial_number": "string",
                  },
                ]
              }
            >
              <div
                className="device-map mb-10 mt-10"
              >
                <div
                  className="head-device is-flex"
                >
                  <span
                    className="has-text-white has-text-weight-bold is-size-5"
                  >
                    MIDC
                  </span>
                  <span
                    className="has-text-weight-bold is-size-5"
                  >
                    STRING
                  </span>
                </div>
                <div
                  className="rest-of-devices"
                />
              </div>
            </DeviceMap>
            <ErrorDetected
              number={1}
              onRetry={[Function]}
              url="/ess-device-mapping-error-list"
            >
              <div
                className="error-list-detected"
              >
                <span
                  className="has-text-primary has-text-weight-bold mb-10 is-size-5"
                >
                  ERRORS_DETECTED 1
                </span>
                <span>
                  FIX_ERRORS
                </span>
                <div>
                  <Link
                    className="button is-primary is-uppercase pl-20 pr-20 mt-20"
                    to="/ess-device-mapping-error-list"
                  >
                    <LinkAnchor
                      className="button is-primary is-uppercase pl-20 pr-20 mt-20"
                      href="/ess-device-mapping-error-list"
                      navigate={[Function]}
                    >
                      <a
                        className="button is-primary is-uppercase pl-20 pr-20 mt-20"
                        href="/ess-device-mapping-error-list"
                        onClick={[Function]}
                      >
                        ERROR_LIST
                      </a>
                    </LinkAnchor>
                  </Link>
                  <button
                    className="button button-transparent is-uppercase pl-20 pr-20 is-transparent mt-20"
                    onClick={[Function]}
                  >
                    RETRY
                  </button>
                </div>
              </div>
            </ErrorDetected>
          </section>
        </DeviceMappingSuccess>
      </Provider>
    </Router>
  </BrowserRouter>,
  "store": Object {
    "clearActions": [Function],
    "dispatch": [Function],
    "getActions": [Function],
    "getState": [Function],
    "replaceReducer": [Function],
    "subscribe": [Function],
  },
}
`;
