// Jest Snapshot v1, https://goo.gl/fbAQLP

exports[`Interfaces Widget renders correctly 1`] = `
<BrowserRouter
  keyLength={0}
>
  <Router
    history={
      Object {
        "action": "POP",
        "block": [Function],
        "createHref": [Function],
        "go": [Function],
        "goBack": [Function],
        "goForward": [Function],
        "length": 1,
        "listen": [Function],
        "location": Object {
          "hash": "",
          "pathname": "/",
          "search": "",
          "state": undefined,
        },
        "push": [Function],
        "replace": [Function],
      }
    }
  >
    <Provider
      store={
        Object {
          "clearActions": [Function],
          "dispatch": [Function],
          "getActions": [Function],
          "getState": [Function],
          "replaceReducer": [Function],
          "subscribe": [Function],
        }
      }
    >
      <InterfacesWidget>
        <section
          className="iw is-flex collapsible pl-0"
        >
          <div
            className="pvs"
          >
            <span
              className="sp-pvs has-text-white"
            />
          </div>
          <div
            className="ifs"
          >
            <div
              className="mb-5 has-text-white is-uppercase has-text-weight-bold"
            >
              ZT188585000882A8888
            </div>
            <Interface
              icon="sp-eth"
              key="wan"
              name="NO_CONNECTION (wan)"
            >
              <p
                className="if mt-5 ml-20"
              >
                <span
                  className="sp disconnected"
                />
                <span
                  className="sp-eth mr-10 has-text-white"
                />
                <span
                  className="has-text-white"
                >
                  NO_CONNECTION (wan)
                </span>
              </p>
            </Interface>
            <Interface
              icon="sp-wifi"
              key="sta0"
              name="NO_CONNECTION (wifi)"
            >
              <p
                className="if mt-5 ml-20"
              >
                <span
                  className="sp disconnected"
                />
                <span
                  className="sp-wifi mr-10 has-text-white"
                />
                <span
                  className="has-text-white"
                >
                  NO_CONNECTION (wifi)
                </span>
              </p>
            </Interface>
            <Interface
              icon="sp-cell"
              key="cell"
              name="AT&T (cell)"
            >
              <p
                className="if mt-5 ml-20"
              >
                <span
                  className="sp connected"
                />
                <span
                  className="sp-cell mr-10 connected"
                />
                <span
                  className="connected"
                >
                  AT&T (cell)
                </span>
              </p>
            </Interface>
          </div>
        </section>
      </InterfacesWidget>
    </Provider>
  </Router>
</BrowserRouter>
`;
