// Jest Snapshot v1, https://goo.gl/fbAQLP

exports[`Storage Widget renders correctly 1`] = `
<BrowserRouter
  keyLength={0}
>
  <Router
    history={
      Object {
        "action": "POP",
        "block": [Function],
        "createHref": [Function],
        "go": [Function],
        "goBack": [Function],
        "goForward": [Function],
        "length": 1,
        "listen": [Function],
        "location": Object {
          "hash": "",
          "pathname": "/",
          "search": "",
          "state": undefined,
        },
        "push": [Function],
        "replace": [Function],
      }
    }
  >
    <Provider
      store={
        Object {
          "clearActions": [Function],
          "dispatch": [Function],
          "getActions": [Function],
          "getState": [Function],
          "replaceReducer": [Function],
          "subscribe": [Function],
        }
      }
    >
      <StorageWidget>
        <div
          className="pb-15"
        >
          <Collapsible
            icon={
              <span
                className="sp-battery file level mr-15 is-size-4"
              />
            }
            title="STORAGE"
          >
            <div
              className="collapsible"
            >
              <div
                className="collapsible-header"
              >
                <div
                  className="collapsible-title"
                >
                  <span>
                    <span
                      className="sp-battery file level mr-15 is-size-4"
                    />
                  </span>
                  <span>
                    STORAGE
                  </span>
                </div>
                <div
                  className="collapsible-actions"
                />
                <div
                  className="collapsible-trigger"
                >
                  <div
                    className="chevron"
                    onClick={[Function]}
                  >
                    <span
                      className="sp-chevron-up"
                    />
                  </div>
                </div>
              </div>
              <div
                className="collapsible-content collapsed"
              >
                <section
                  className="box is-flex space-around has-background-black has-text-grey pl-10 pr-10"
                >
                  <article>
                    <h6
                      className="is-size-5 has-text-white"
                    >
                      4 batteries
                    </h6>
                    <ul>
                      <li>
                        30849
                      </li>
                      <li>
                        30849
                      </li>
                      <li>
                        30849
                      </li>
                      <li>
                        30849
                      </li>
                    </ul>
                  </article>
                  <article>
                    <h6
                      className="is-size-5 has-text-white"
                    >
                      Inverter
                    </h6>
                    <ul>
                      <li>
                        00001B3E9C74
                      </li>
                    </ul>
                    <h6
                      className="is-size-5 has-text-white mt-20"
                    >
                      Inverter Gateway
                    </h6>
                    <ul>
                      <li>
                        Installed
                      </li>
                    </ul>
                  </article>
                </section>
                <section
                  className="box is-flex space-around has-background-black has-text-grey pl-10 pr-10"
                >
                  <article>
                    <h6
                      className="is-size-5 has-text-white"
                    >
                      2 batteries
                    </h6>
                    <ul>
                      <li>
                        30849
                      </li>
                      <li>
                        30849
                      </li>
                    </ul>
                  </article>
                  <article>
                    <h6
                      className="is-size-5 has-text-white"
                    >
                      Inverter
                    </h6>
                    <ul>
                      <li>
                        00001B3E9C74
                      </li>
                    </ul>
                  </article>
                </section>
              </div>
            </div>
          </Collapsible>
        </div>
      </StorageWidget>
    </Provider>
  </Router>
</BrowserRouter>
`;
