// Jest Snapshot v1, https://goo.gl/fbAQLP

exports[`Storage Widget renders correctly 1`] = `
<BrowserRouter
  keyLength={0}
>
  <Router
    history={
      Object {
        "action": "POP",
        "block": [Function],
        "createHref": [Function],
        "go": [Function],
        "goBack": [Function],
        "goForward": [Function],
        "length": 1,
        "listen": [Function],
        "location": Object {
          "hash": "",
          "pathname": "/",
          "search": "",
          "state": undefined,
        },
        "push": [Function],
        "replace": [Function],
      }
    }
  >
    <Provider
      store={
        Object {
          "clearActions": [Function],
          "dispatch": [Function],
          "getActions": [Function],
          "getState": [Function],
          "replaceReducer": [Function],
          "subscribe": [Function],
        }
      }
    >
      <StorageWidget>
        <div
          className="pb-15"
        >
          <Collapsible
            className=""
            icon={
              <span
                className="sp-battery file level mr-15 is-size-4"
              />
            }
            title="STORAGE"
          >
            <div
              className="collapsible"
            >
              <div
                className="collapsible-header"
                onClick={[Function]}
              >
                <div
                  className="collapsible-title"
                >
                  <span>
                    <span
                      className="sp-battery file level mr-15 is-size-4"
                    />
                  </span>
                  <span
                    className="has-text-weight-bold"
                  >
                    STORAGE
                  </span>
                </div>
                <div
                  className="collapsible-actions"
                />
                <div
                  className="collapsible-trigger"
                >
                  <div
                    className="chevron"
                  >
                    <span
                      className="sp-chevron-up"
                    />
                  </div>
                </div>
              </div>
              <div
                className="collapsible-content collapsed"
              />
            </div>
          </Collapsible>
        </div>
      </StorageWidget>
    </Provider>
  </Router>
</BrowserRouter>
`;
