// Jest Snapshot v1, https://goo.gl/fbAQLP

exports[`Home component render correctly 1`] = `
<section
  className="home is-flex has-text-centered full-height"
>
  <div
    className="section"
  >
    <span
      className="sp sp-map has-text-white"
    />
    <h6
      className="is-uppercase mt-20 mb-20"
    >
      SELECT_SITE
    </h6>
    <SelectField
      notFoundText="NOT_FOUND"
      onSearch={[Function]}
      onSelect={[Function]}
    />
  </div>
  <section>
    <p>
      CS_NOT_FOUND
    </p>
    <Link
      className="link is-uppercase"
      to="/create-site"
    >
      <small>
        CREATE_SITE
      </small>
    </Link>
  </section>
</section>
`;
