// Jest Snapshot v1, https://goo.gl/fbAQLP

exports[`AppUpdater Component Renders Correctly 1`] = `
<section
  className="is-flex tile is-vertical level file"
>
  <h1
    className="has-text-centered"
  >
    UPDATE_HEADER
  </h1>
  <button
    className="button is-primary mt-30 is-uppercase"
  >
    BTN_UPDATE
  </button>
</section>
`;
