// Jest Snapshot v1, https://goo.gl/fbAQLP

exports[`Environmental Savings component renders without crashing 1`] = `
<div
  className="env-savings is-flex pt-5 pb-5 pl-5 pr-5"
  id="env-savings"
>
  <div
    className="icons-container ignore-in-share"
  >
    <div
      className="actions"
    />
    <ForwardRef(SvgEnvironment) />
    <div
      className="actions"
    >
      <SocialShareButton
        beforeShare={[Function]}
      />
      <ForwardRef(SvgInfo) />
    </div>
  </div>
  <h1
    className="is-uppercase is-size-3 env-savings-tons"
  >
    <span
      className="mr-10"
    >
      3.2
    </span>
    ENV_SAVINGS_POUNDS
  </h1>
  <h1
    className="is-uppercase env-savings-desc1 is-size-7"
  >
    ENV_SAVINGS_DESC1
    <sub
      className="mr-5"
    >
      2
    </sub>
    ENV_SAVINGS_DESC_END
  </h1>
  <h1
    className="is-uppercase env-savings-desc2 is-size-7"
  >
    ENV_SAVINGS_DESC2
  </h1>
  <div
    className="separator is-dotted is-gray-alt mt-15 mb-15"
  />
  <div
    className="env-savings-item"
  >
    <div
      className="env-savings-item-icon"
    >
      <ForwardRef(SvgTruck) />
    </div>
    <div
      className="env-savings-item-text"
    >
      <h1
        className="is-uppercase is-size-7"
      >
        200
         
        ENV_SAVINGS_DRIVEUNIT
      </h1>
      <h1
        className="is-uppercase is-size-7"
      >
        ENV_SAVINGS_DRIVEDESC
      </h1>
    </div>
  </div>
  <div
    className="env-savings-item"
  >
    <div
      className="env-savings-item-icon"
    >
      <ForwardRef(SvgCoal) />
    </div>
    <div
      className="env-savings-item-text"
    >
      <h1
        className="is-uppercase is-size-7"
      >
        300
         
        ENV_SAVINGS_COALUNIT
      </h1>
      <h1
        className="is-uppercase is-size-7"
      >
        ENV_SAVINGS_COALDESC
      </h1>
    </div>
  </div>
  <div
    className="env-savings-item"
  >
    <div
      className="env-savings-item-icon"
    >
      <ForwardRef(SvgBarrel) />
    </div>
    <div
      className="env-savings-item-text"
    >
      <h1
        className="is-uppercase is-size-7"
      >
        2
         
        ENV_SAVINGS_OILUNIT
      </h1>
      <h1
        className="is-uppercase is-size-7"
      >
        ENV_SAVINGS_OILDESC
      </h1>
    </div>
  </div>
  <div
    className="env-savings-item"
  >
    <div
      className="env-savings-item-icon"
    >
      <ForwardRef(SvgGasDispenser) />
    </div>
    <div
      className="env-savings-item-text"
    >
      <h1
        className="is-uppercase is-size-7"
      >
        5
         
        ENV_SAVINGS_GASUNIT
      </h1>
      <h1
        className="is-uppercase is-size-7"
      >
        ENV_SAVINGS_GASDESC
      </h1>
    </div>
  </div>
  <div
    className="env-savings-item"
  >
    <div
      className="env-savings-item-icon"
    >
      <ForwardRef(SvgTree) />
    </div>
    <div
      className="env-savings-item-text"
    >
      <h1
        className="is-uppercase is-size-7"
      >
        20
         
        ENV_SAVINGS_TREESUNIT
      </h1>
      <h1
        className="is-uppercase is-size-7"
      >
        ENV_SAVINGS_TREESDESC
      </h1>
    </div>
  </div>
  <div
    className="env-savings-item"
  >
    <div
      className="env-savings-item-icon"
    >
      <ForwardRef(SvgTrashBag) />
    </div>
    <div
      className="env-savings-item-text"
    >
      <h1
        className="is-uppercase is-size-7"
      >
        17,286
         
        ENV_SAVINGS_TRASHUNIT
      </h1>
      <h1
        className="is-uppercase is-size-7"
      >
        ENV_SAVINGS_TRASHDESC
      </h1>
    </div>
  </div>
</div>
`;
