// Jest Snapshot v1, https://goo.gl/fbAQLP

exports[`Connect to PVS page render correctly 1`] = `
<BrowserRouter
  keyLength={0}
>
  <Router
    history={
      Object {
        "action": "POP",
        "block": [Function],
        "createHref": [Function],
        "go": [Function],
        "goBack": [Function],
        "goForward": [Function],
        "length": 1,
        "listen": [Function],
        "location": Object {
          "hash": "",
          "pathname": "/",
          "search": "",
          "state": undefined,
        },
        "push": [Function],
        "replace": [Function],
      }
    }
  >
    <Provider
      store={
        Object {
          "clearActions": [Function],
          "dispatch": [Function],
          "getActions": [Function],
          "getState": [Function],
          "replaceReducer": [Function],
          "subscribe": [Function],
        }
      }
    >
      <ConnectToPVS>
        <div
          className="qr-layout has-text-centered"
        >
          <span
            className="is-uppercase has-text-weight-bold mt-30"
          >
            LOOK_FOR_QR
          </span>
          <div
            className="qr-icon"
          >
            <i
              className="sp-qr has-text-white"
            />
          </div>
          <div
            className="mt-20 mb-20 pr-20 pl-20"
          >
            <span
              className="is-size-6 has-text-centered"
            >
              QRCODE_HINT
            </span>
          </div>
          <div
            className="pt-20"
          >
            <button
              className="button is-primary"
              onClick={[Function]}
            >
              START_SCAN
            </button>
          </div>
        </div>
      </ConnectToPVS>
    </Provider>
  </Router>
</BrowserRouter>
`;
